[debug] [2026-10-05T12:20:21.268Z] ----------------------------------------------------------------------
[debug] [2026-10-05T12:20:21.271Z] Command:       C:\Program Files\nodejs\node.exe C:\Users\LENOVO\AppData\Roaming\npm\node_modules\firebase-tools\lib\bin\firebase.js init
[debug] [2026-10-05T12:20:21.272Z] CLI Version:   15.32.1
[debug] [2026-10-05T12:20:21.272Z] Platform:      win32
[debug] [2026-10-05T12:20:21.272Z] Node Version:  v24.19.0
[debug] [2026-10-05T12:20:21.272Z] Detected Agent: unknown
[debug] [2026-10-05T12:20:21.272Z] Time:          Mon Oct 05 2026 17:50:21 GMT+0530 (India Standard Time)
[debug] [2026-10-05T12:20:21.273Z] ----------------------------------------------------------------------
[debug] 
[info] 
     ######## #### ########  ######## ########     ###     ######  ########
     ##        ##  ##     ## ##       ##     ##  ##   ##  ##       ##
     ######    ##  ########  ######   ########  #########  ######  ######
     ##        ##  ##    ##  ##       ##     ## ##     ##       ## ##
     ##       #### ##     ## ######## ########  ##     ##  ######  ########

You're about to initialize a Firebase project in this directory:

  C:\Users\LENOVO\OneDrive\Desktop\ScriptPixel

[info] 
=== Project Setup
[info] 
[info] First, let's associate this project directory with a Firebase project.
[info] You can create multiple project aliases by running firebase use --add, 
[info] 
[debug] [2026-10-05T12:25:13.097Z] > command requires scopes: ["email","openid","https://www.googleapis.com/auth/cloudplatformprojects.readonly","https://www.googleapis.com/auth/firebase","https://www.googleapis.com/auth/cloud-platform"]
[debug] [2026-10-05T12:25:13.097Z] > authorizing via signed-in user (anmolsharma5543@gmail.com)
[debug] [2026-10-05T12:25:13.114Z] Checked if tokens are valid: true, expires at: 1791206400148
[debug] [2026-10-05T12:25:13.114Z] Checked if tokens are valid: true, expires at: 1791206400148
[debug] [2026-10-05T12:25:13.117Z] >>> [apiv2][query] GET https://firebase.googleapis.com/v1beta1/projects pageSize=100
[debug] [2026-10-05T12:25:13.825Z] <<< [apiv2][status] GET https://firebase.googleapis.com/v1beta1/projects 200
[debug] [2026-10-05T12:25:13.825Z] <<< [apiv2][body] GET https://firebase.googleapis.com/v1beta1/projects [omitted]
